[0.923s] Invoking command in '/home/duda/ros2_ws/src/LASER_PIBIC': PYTHONPATH=/home/duda/ros2_ws/src/LASER_PIBIC/build/laser_usv/prefix_override:/usr/lib/python3/dist-packages/colcon_core/task/python/colcon_distutils_commands:/home/duda/ros2_ws/src/LASER_PIBIC/install/laser_usv/lib/python3.10/site-packages:${PYTHONPATH} /usr/bin/python3 -W ignore:setup.py install is deprecated -W ignore:easy_install command is deprecated setup.py egg_info --egg-base build/laser_usv build --build-base /home/duda/ros2_ws/src/LASER_PIBIC/build/laser_usv/build install --record /home/duda/ros2_ws/src/LASER_PIBIC/build/laser_usv/install.log --install-scripts $base/lib/laser_usv --single-version-externally-managed install_data
[1.182s] running egg_info
[1.201s] creating build/laser_usv/laser_usv.egg-info
[1.201s] writing build/laser_usv/laser_usv.egg-info/PKG-INFO
[1.201s] writing dependency_links to build/laser_usv/laser_usv.egg-info/dependency_links.txt
[1.201s] writing entry points to build/laser_usv/laser_usv.egg-info/entry_points.txt
[1.201s] writing requirements to build/laser_usv/laser_usv.egg-info/requires.txt
[1.201s] writing top-level names to build/laser_usv/laser_usv.egg-info/top_level.txt
[1.202s] writing manifest file 'build/laser_usv/laser_usv.egg-info/SOURCES.txt'
[1.241s] reading manifest file 'build/laser_usv/laser_usv.egg-info/SOURCES.txt'
[1.242s] writing manifest file 'build/laser_usv/laser_usv.egg-info/SOURCES.txt'
[1.242s] running build
[1.242s] running build_py
[1.242s] creating /home/duda/ros2_ws/src/LASER_PIBIC/build/laser_usv/build/lib/laser_usv
[1.243s] copying laser_usv/setup.py -> /home/duda/ros2_ws/src/LASER_PIBIC/build/laser_usv/build/lib/laser_usv
[1.243s] copying laser_usv/boat_sensor_node.py -> /home/duda/ros2_ws/src/LASER_PIBIC/build/laser_usv/build/lib/laser_usv
[1.243s] copying laser_usv/__init__.py -> /home/duda/ros2_ws/src/LASER_PIBIC/build/laser_usv/build/lib/laser_usv
[1.243s] copying laser_usv/sensor_server.py -> /home/duda/ros2_ws/src/LASER_PIBIC/build/laser_usv/build/lib/laser_usv
[1.243s] running install
[1.247s] running install_lib
[1.267s] creating /home/duda/ros2_ws/src/LASER_PIBIC/install/laser_usv/lib/python3.10/site-packages/laser_usv
[1.267s] copying /home/duda/ros2_ws/src/LASER_PIBIC/build/laser_usv/build/lib/laser_usv/setup.py -> /home/duda/ros2_ws/src/LASER_PIBIC/install/laser_usv/lib/python3.10/site-packages/laser_usv
[1.267s] copying /home/duda/ros2_ws/src/LASER_PIBIC/build/laser_usv/build/lib/laser_usv/boat_sensor_node.py -> /home/duda/ros2_ws/src/LASER_PIBIC/install/laser_usv/lib/python3.10/site-packages/laser_usv
[1.267s] copying /home/duda/ros2_ws/src/LASER_PIBIC/build/laser_usv/build/lib/laser_usv/__init__.py -> /home/duda/ros2_ws/src/LASER_PIBIC/install/laser_usv/lib/python3.10/site-packages/laser_usv
[1.267s] copying /home/duda/ros2_ws/src/LASER_PIBIC/build/laser_usv/build/lib/laser_usv/sensor_server.py -> /home/duda/ros2_ws/src/LASER_PIBIC/install/laser_usv/lib/python3.10/site-packages/laser_usv
[1.268s] byte-compiling /home/duda/ros2_ws/src/LASER_PIBIC/install/laser_usv/lib/python3.10/site-packages/laser_usv/setup.py to setup.cpython-310.pyc
[1.268s] byte-compiling /home/duda/ros2_ws/src/LASER_PIBIC/install/laser_usv/lib/python3.10/site-packages/laser_usv/boat_sensor_node.py to boat_sensor_node.cpython-310.pyc
[1.269s] byte-compiling /home/duda/ros2_ws/src/LASER_PIBIC/install/laser_usv/lib/python3.10/site-packages/laser_usv/__init__.py to __init__.cpython-310.pyc
[1.269s] byte-compiling /home/duda/ros2_ws/src/LASER_PIBIC/install/laser_usv/lib/python3.10/site-packages/laser_usv/sensor_server.py to sensor_server.cpython-310.pyc
[1.270s] running install_data
[1.270s] creating /home/duda/ros2_ws/src/LASER_PIBIC/install/laser_usv/share/ament_index/resource_index/packages
[1.270s] copying resource/laser_usv -> /home/duda/ros2_ws/src/LASER_PIBIC/install/laser_usv/share/ament_index/resource_index/packages
[1.270s] copying package.xml -> /home/duda/ros2_ws/src/LASER_PIBIC/install/laser_usv/share/laser_usv
[1.271s] running install_egg_info
[1.291s] Copying build/laser_usv/laser_usv.egg-info to /home/duda/ros2_ws/src/LASER_PIBIC/install/laser_usv/lib/python3.10/site-packages/laser_usv-0.0.1-py3.10.egg-info
[1.292s] running install_scripts
[1.429s] Installing sensor_bridge script to /home/duda/ros2_ws/src/LASER_PIBIC/install/laser_usv/lib/laser_usv
[1.429s] writing list of installed files to '/home/duda/ros2_ws/src/LASER_PIBIC/build/laser_usv/install.log'
[1.454s] Invoked command in '/home/duda/ros2_ws/src/LASER_PIBIC' returned '0': PYTHONPATH=/home/duda/ros2_ws/src/LASER_PIBIC/build/laser_usv/prefix_override:/usr/lib/python3/dist-packages/colcon_core/task/python/colcon_distutils_commands:/home/duda/ros2_ws/src/LASER_PIBIC/install/laser_usv/lib/python3.10/site-packages:${PYTHONPATH} /usr/bin/python3 -W ignore:setup.py install is deprecated -W ignore:easy_install command is deprecated setup.py egg_info --egg-base build/laser_usv build --build-base /home/duda/ros2_ws/src/LASER_PIBIC/build/laser_usv/build install --record /home/duda/ros2_ws/src/LASER_PIBIC/build/laser_usv/install.log --install-scripts $base/lib/laser_usv --single-version-externally-managed install_data
